// Jest Snapshot v1, https://goo.gl/fbAQLP

exports[`<SwipeableEntity /> renders correctly 1`] = `
<View
  collapsable={false}
  onMoveShouldSetResponder={[Function]}
  onMoveShouldSetResponderCapture={[Function]}
  onResponderEnd={[Function]}
  onResponderGrant={[Function]}
  onResponderMove={[Function]}
  onResponderReject={[Function]}
  onResponderRelease={[Function]}
  onResponderStart={[Function]}
  onResponderTerminate={[Function]}
  onResponderTerminationRequest={[Function]}
  onStartShouldSetResponder={[Function]}
  onStartShouldSetResponderCapture={[Function]}
  style={
    Object {
      "transform": Array [
        Object {
          "translateX": 0,
        },
        Object {
          "translateY": 0,
        },
      ],
    }
  }
>
  <View
    style={
      Object {
        "height": 1034,
        "padding": 10,
        "position": "absolute",
        "width": 750,
      }
    }
  >
    <View
      accessibilityIgnoresInvertColors={true}
      style={
        Object {
          "borderRadius": 20,
          "flex": 1,
          "overflow": "hidden",
          "resizeMode": "cover",
        }
      }
    >
      <Image
        resizeMode="cover"
        source={
          Object {
            "uri": "https://picsum.photos/200/300",
          }
        }
        style={
          Array [
            Object {
              "bottom": 0,
              "left": 0,
              "position": "absolute",
              "right": 0,
              "top": 0,
            },
            Object {
              "height": undefined,
              "width": undefined,
            },
            undefined,
          ]
        }
      />
    </View>
  </View>
</View>
`;
